// Jest Snapshot v1, https://goo.gl/fbAQLP

exports[`reducers task should handle initial state 1`] = `Array []`;
